---
source: tui/src/history_cell/tests.rs
expression: rendered
---
╭─────────────────────────────────────────────────╮
│ ✨ Update available! 0.0.0 -> 9.9.9             │
│ Run pnpm add -g @SYMBIOTYC/cy-cli to update.        │
│                                                 │
│ See full release notes:                         │
│ https://github.com/SYMBIOTYC/cy-cli/releases/latest │
╰─────────────────────────────────────────────────╯
